Removed Pin From Net: NetName=5V Pin=J?-1
Removed Pin From Net: NetName=TXD Pin=J?-2
Removed Pin From Net: NetName=RXD Pin=J?-3
Removed Pin From Net: NetName=RESET Pin=J?-4
Removed Pin From Net: NetName=D2 Pin=J?-5
Removed Pin From Net: NetName=D3 Pin=J?-6
Removed Pin From Net: NetName=D6 Pin=J?-7
Removed Pin From Net: NetName=D7 Pin=J?-8
Removed Pin From Net: NetName=3.3V Pin=J?-10
Removed Pin From Net: NetName=REF Pin=J?-11
Removed Pin From Net: NetName=A4 Pin=J?-12
Removed Pin From Net: NetName=A6 Pin=J?-13
Removed Pin From Net: NetName=A7 Pin=J?-14
Removed Pin From Net: NetName=D11 Pin=J?-15
Removed Pin From Net: NetName=GND Pin=J?-16
Added Pin To Net: NetName=D6 Pin=J?-1
Added Pin To Net: NetName=D3 Pin=J?-2
Added Pin To Net: NetName=D2 Pin=J?-3
Added Pin To Net: NetName=TXD Pin=J?-4
Added Pin To Net: NetName=RXD Pin=J?-5
Added Pin To Net: NetName=RESET Pin=J?-6
Added Pin To Net: NetName=5V Pin=J?-7
Added Pin To Net: NetName=GND Pin=J?-8
Added Pin To Net: NetName=D11 Pin=J?-10
Added Pin To Net: NetName=3.3V Pin=J?-11
Added Pin To Net: NetName=REF Pin=J?-12
Added Pin To Net: NetName=A7 Pin=J?-13
Added Pin To Net: NetName=A6 Pin=J?-14
Added Pin To Net: NetName=A4 Pin=J?-15
Added Pin To Net: NetName=D7 Pin=J?-16
Added Member To Class: ClassName=Main Member=Component IC2 ArduinoNano
