Removed Pin From Net: NetName=TXD Pin=IC2-0
Removed Pin From Net: NetName=RXD Pin=IC2-1
Removed Pin From Net: NetName=RESET Pin=IC2-2
Removed Pin From Net: NetName=BAT- Pin=IC2-3
Removed Pin From Net: NetName=D2 Pin=IC2-4
Removed Pin From Net: NetName=D3 Pin=IC2-5
Removed Pin From Net: NetName=NetR9_2 Pin=IC2-6
Removed Pin From Net: NetName=BASE_D Pin=IC2-7
Removed Pin From Net: NetName=D6 Pin=IC2-8
Removed Pin From Net: NetName=D7 Pin=IC2-9
Removed Pin From Net: NetName=thermoCS2 Pin=IC2-10
Removed Pin From Net: NetName=thermoCS1 Pin=IC2-11
Removed Pin From Net: NetName=thermoCS3 Pin=IC2-12
Removed Pin From Net: NetName=D11 Pin=IC2-13
Removed Pin From Net: NetName=thermoMISO Pin=IC2-14
Removed Pin From Net: NetName=thermoCLK Pin=IC2-15
Removed Pin From Net: NetName=3.3V Pin=IC2-16
Removed Pin From Net: NetName=REF Pin=IC2-17
Removed Pin From Net: NetName=A7 Pin=IC2-18
Removed Pin From Net: NetName=A6 Pin=IC2-19
Removed Pin From Net: NetName=A5 Pin=IC2-20
Removed Pin From Net: NetName=A4 Pin=IC2-21
Removed Pin From Net: NetName=A0 Pin=IC2-22
Removed Pin From Net: NetName=A1 Pin=IC2-23
Removed Pin From Net: NetName=A2 Pin=IC2-24
Removed Pin From Net: NetName=A3 Pin=IC2-25
Removed Pin From Net: NetName=+5 Pin=IC2-26
Removed Pin From Net: NetName=BAT- Pin=IC2-28
Removed Pin From Net: NetName=VIN Pin=IC2-29
Removed Member From Class: ClassName=Main Member=IC2
Added Component: Designator=IC?(ArduinoNano_3D)
Added Pin To Net: NetName=TXD Pin=IC?-0
Added Pin To Net: NetName=RXD Pin=IC?-1
Added Pin To Net: NetName=RESET Pin=IC?-2
Added Pin To Net: NetName=BAT- Pin=IC?-3
Added Pin To Net: NetName=D2 Pin=IC?-4
Added Pin To Net: NetName=D3 Pin=IC?-5
Added Pin To Net: NetName=NetR9_2 Pin=IC?-6
Added Pin To Net: NetName=BASE_D Pin=IC?-7
Added Pin To Net: NetName=D6 Pin=IC?-8
Added Pin To Net: NetName=D7 Pin=IC?-9
Added Pin To Net: NetName=thermoCS2 Pin=IC?-10
Added Pin To Net: NetName=thermoCS1 Pin=IC?-11
Added Pin To Net: NetName=thermoCS3 Pin=IC?-12
Added Pin To Net: NetName=D11 Pin=IC?-13
Added Pin To Net: NetName=thermoMISO Pin=IC?-14
Added Pin To Net: NetName=thermoCLK Pin=IC?-15
Added Pin To Net: NetName=3.3V Pin=IC?-16
Added Pin To Net: NetName=REF Pin=IC?-17
Added Pin To Net: NetName=A7 Pin=IC?-18
Added Pin To Net: NetName=A6 Pin=IC?-19
Added Pin To Net: NetName=A5 Pin=IC?-20
Added Pin To Net: NetName=A4 Pin=IC?-21
Added Pin To Net: NetName=A0 Pin=IC?-22
Added Pin To Net: NetName=A1 Pin=IC?-23
Added Pin To Net: NetName=A2 Pin=IC?-24
Added Pin To Net: NetName=A3 Pin=IC?-25
Added Pin To Net: NetName=+5 Pin=IC?-26
Added Pin To Net: NetName=BAT- Pin=IC?-28
Added Pin To Net: NetName=VIN Pin=IC?-29
Added Member To Class: ClassName=Main Member=Component IC? ArduinoNano
