Removed Pin From Net: NetName=TXD Pin=IC2-0
Removed Pin From Net: NetName=RXD Pin=IC2-1
Removed Pin From Net: NetName=RESET Pin=IC2-2
Removed Pin From Net: NetName=BAT- Pin=IC2-3
Removed Pin From Net: NetName=D2 Pin=IC2-4
Removed Pin From Net: NetName=D3 Pin=IC2-5
Removed Pin From Net: NetName=NetR9_2 Pin=IC2-6
Removed Pin From Net: NetName=BASE_D Pin=IC2-7
Removed Pin From Net: NetName=D6 Pin=IC2-8
Removed Pin From Net: NetName=D7 Pin=IC2-9
Removed Pin From Net: NetName=thermoCS2 Pin=IC2-10
Removed Pin From Net: NetName=thermoCS1 Pin=IC2-11
Removed Pin From Net: NetName=thermoCS3 Pin=IC2-12
Removed Pin From Net: NetName=D11 Pin=IC2-13
Removed Pin From Net: NetName=thermoMISO Pin=IC2-14
Removed Pin From Net: NetName=thermoCLK Pin=IC2-15
Removed Pin From Net: NetName=3.3V Pin=IC2-16
Removed Pin From Net: NetName=REF Pin=IC2-17
Removed Pin From Net: NetName=A7 Pin=IC2-18
Removed Pin From Net: NetName=A6 Pin=IC2-19
Removed Pin From Net: NetName=A5 Pin=IC2-20
Removed Pin From Net: NetName=A4 Pin=IC2-21
Removed Pin From Net: NetName=A0 Pin=IC2-22
Removed Pin From Net: NetName=A1 Pin=IC2-23
Removed Pin From Net: NetName=A2 Pin=IC2-24
Removed Pin From Net: NetName=A3 Pin=IC2-25
Removed Pin From Net: NetName=+5 Pin=IC2-26
Removed Pin From Net: NetName=BAT- Pin=IC2-28
Removed Pin From Net: NetName=VIN Pin=IC2-29
Removed Member From Class: ClassName=Main Member=IC2
Add Pin To Net: Unknown Pin: Pin IC1-0
Add Pin To Net: Unknown Pin: Pin IC1-1
Add Pin To Net: Unknown Pin: Pin IC1-2
Add Pin To Net: Unknown Pin: Pin IC1-3
Add Pin To Net: Unknown Pin: Pin IC1-4
Add Pin To Net: Unknown Pin: Pin IC1-5
Add Pin To Net: Unknown Pin: Pin IC1-6
Add Pin To Net: Unknown Pin: Pin IC1-7
Add Pin To Net: Unknown Pin: Pin IC1-8
Add Pin To Net: Unknown Pin: Pin IC1-9
Add Pin To Net: Unknown Pin: Pin IC1-10
Add Pin To Net: Unknown Pin: Pin IC1-11
Add Pin To Net: Unknown Pin: Pin IC1-12
Add Pin To Net: Unknown Pin: Pin IC1-13
Add Pin To Net: Unknown Pin: Pin IC1-14
Add Pin To Net: Unknown Pin: Pin IC1-15
Add Pin To Net: Unknown Pin: Pin IC1-16
Add Pin To Net: Unknown Pin: Pin IC1-17
Add Pin To Net: Unknown Pin: Pin IC1-18
Add Pin To Net: Unknown Pin: Pin IC1-19
Add Pin To Net: Unknown Pin: Pin IC1-20
Add Pin To Net: Unknown Pin: Pin IC1-21
Add Pin To Net: Unknown Pin: Pin IC1-22
Add Pin To Net: Unknown Pin: Pin IC1-23
Add Pin To Net: Unknown Pin: Pin IC1-24
Add Pin To Net: Unknown Pin: Pin IC1-25
Add Pin To Net: Unknown Pin: Pin IC1-26
Add Pin To Net: Unknown Pin: Pin IC1-28
Add Pin To Net: Unknown Pin: Pin IC1-29
Add Class Member: Failed to add class member : Component IC1 ArduinoNano
